---
source: crates/biome_js_analyze/tests/spec_tests.rs
assertion_line: 84
expression: invalid_hooked_component.jsx
---
# Input
```jsx
const Fuga = () => <></>
export default hoge(Fuga)

```

# Diagnostics
```
invalid_hooked_component.jsx:1:7 lint/nursery/useComponentsOnlyModule ━━━━━━━━━━━━━━━━━━━━━━━━━━━━━━

  ! Components should be exported.
  
  > 1 │ const Fuga = () => <></>
      │       ^^^^
    2 │ export default hoge(Fuga)
    3 │ 
  
  i Fast refresh only works when a file has exports. Move your component(s) to a separate file. If it is not a component, it may not be following the variable naming conventions.
  

```
