---
source: crates/biome_js_analyze/tests/spec_tests.rs
assertion_line: 84
expression: invalid_component_and_variable_clause.jsx
---
# Input
```jsx
const foo = 4;
const Bar = () => {};
const baz = 4;
export { foo, Bar, baz as qux }

```

# Diagnostics
```
invalid_component_and_variable_clause.jsx:4:10 lint/nursery/useComponentsOnlyModule ━━━━━━━━━━━━━━━━

  ! Export Non-Component with components are not allowed.
  
    2 │ const Bar = () => {};
    3 │ const baz = 4;
  > 4 │ export { foo, Bar, baz as qux }
      │          ^^^
    5 │ 
  
  i Fast refresh only works when a file only exports components. Use a new file to share constants or functions between components. If it is not a component, it may not be following the variable naming conventions.
  

```

```
invalid_component_and_variable_clause.jsx:4:27 lint/nursery/useComponentsOnlyModule ━━━━━━━━━━━━━━━━

  ! Export Non-Component with components are not allowed.
  
    2 │ const Bar = () => {};
    3 │ const baz = 4;
  > 4 │ export { foo, Bar, baz as qux }
      │                           ^^^
    5 │ 
  
  i Fast refresh only works when a file only exports components. Use a new file to share constants or functions between components. If it is not a component, it may not be following the variable naming conventions.
  

```
