---
source: crates/biome_js_analyze/tests/spec_tests.rs
expression: invalid_anonymous_clause.js
---
# Input
```jsx
export default {}
```

# Diagnostics
```
invalid_anonymous_clause.js:1:1 lint/nursery/noAnonymousDefaultExport ━━━━━━━━━━━━━━━━━━━━━━━━━━━━━━

  ! Avoid anonymous default exports. (object expression)
  
  > 1 │ export default {}
      │ ^^^^^^^^^^^^^^^^^
  
  i Anonymous exports inhibit naming consistency in code.
  
  i It is necessary to assign to a variable instead.
  

```
