---
source: crates/biome_js_analyze/tests/spec_tests.rs
expression: valid_class.js
---
# Input
```jsx
export default class MyClass() {}

```
