---
source: crates/biome_js_analyze/tests/spec_tests.rs
expression: valid_function_decration.js
---
# Input
```jsx
export default function foo() {}

```
