---
source: crates/biome_js_analyze/tests/spec_tests.rs
expression: ignore_constant_export.jsx
---
# Input
```jsx
export const SampleComponent = () => <></>
export const test = 100
export function hoge () {
  return 100
}

```

# Diagnostics
```
ignore_constant_export.jsx:3:17 lint/nursery/noSimultaneousExportOfComponentsAndNonComponents ━━━━━━━━━━

  ! Components and non-components functions are exported at the same time.
  
    1 │ export const SampleComponent = () => <></>
    2 │ export const test = 100
  > 3 │ export function hoge () {
      │                 ^^^^
    4 │   return 100
    5 │ }
  
  i React components and regular functions must be exported in separate files.
  

```
