---
source: crates/biome_js_analyze/tests/spec_tests.rs
expression: invalid_component_and_default_function.jsx
---
# Input
```jsx
export const SampleComponent = () => <></>
export default function hoge () {
  return 100
} 

```

# Diagnostics
```
invalid_component_and_default_function.jsx:2:25 lint/nursery/noSimultaneousExportOfComponentsAndNonComponents ━━━━━━━━━━

  ! Components and non-components functions are exported at the same time.
  
    1 │ export const SampleComponent = () => <></>
  > 2 │ export default function hoge () {
      │                         ^^^^
    3 │   return 100
    4 │ }·
  
  i React components and regular functions must be exported in separate files.
  

```
