---
source: crates/biome_js_analyze/tests/spec_tests.rs
expression: invalid_component_and_constant.jsx
---
# Input
```jsx
export const CONSTANT = 3
export const Foo = () => {}

```

# Diagnostics
```
invalid_component_and_constant.jsx:1:14 lint/nursery/noSimultaneousExportOfComponentsAndNonComponents ━━━━━━━━━━

  ! Components and non-components functions are exported at the same time.
  
  > 1 │ export const CONSTANT = 3
      │              ^^^^^^^^
    2 │ export const Foo = () => {}
    3 │ 
  
  i React components and regular functions must be exported in separate files.
  

```
