---
source: crates/biome_js_analyze/tests/spec_tests.rs
expression: invalid_component_and_default_variable.jsx
---
# Input
```jsx
export const SampleComponent = () => <></>
const hoge = 100
export default hoge
```

# Diagnostics
```
invalid_component_and_default_variable.jsx:3:16 lint/nursery/noSimultaneousExportOfComponentsAndNonComponents ━━━━━━━━━━

  ! Components and non-components functions are exported at the same time.
  
    1 │ export const SampleComponent = () => <></>
    2 │ const hoge = 100
  > 3 │ export default hoge
      │                ^^^^
  
  i React components and regular functions must be exported in separate files.
  

```
