---
source: crates/biome_js_analyze/tests/spec_tests.rs
expression: invalid_default_variable.jsx
---
# Input
```jsx
export const SampleComponent = () => <></>
const hoge = 100
export default hoge
```

# Diagnostics
```
invalid_default_variable.jsx:3:16 lint/nursery/noSimultaneousExportOfComponentsAndNonComponents ━━━━━━━━━━

  ! In JSX, export only components.
  
    1 │ export const SampleComponent = () => <></>
    2 │ const hoge = 100
  > 3 │ export default hoge
      │                ^^^^
  
  i This note will give you more information.
  

```
