---
source: crates/biome_js_analyze/tests/spec_tests.rs
expression: invalid_component_and_enum.tsx
---
# Input
```tsx
export const SampleComponent = () => <></>
export enum SampleEnum {
  A,
  B,
  C,
}

```

# Diagnostics
```
invalid_component_and_enum.tsx:2:13 lint/nursery/noSimultaneousExportOfComponentsAndNonComponents ━━━━━━━━━━

  ! Components and non-components functions are exported at the same time.
  
    1 │ export const SampleComponent = () => <></>
  > 2 │ export enum SampleEnum {
      │             ^^^^^^^^^^
    3 │   A,
    4 │   B,
  
  i React components and regular functions must be exported in separate files.
  

```
