---
source: crates/biome_js_analyze/tests/spec_tests.rs
expression: invalid_component_and_function_with_ignore_constant_export.jsx
---
# Input
```jsx
export const foo = () => {}
export const Bar = () => {}
```

# Diagnostics
```
invalid_component_and_function_with_ignore_constant_export.jsx:1:14 lint/nursery/noSimultaneousExportOfComponentsAndNonComponents ━━━━━━━━━━

  ! Components and non-components functions are exported at the same time.
  
  > 1 │ export const foo = () => {}
      │              ^^^
    2 │ export const Bar = () => {}
  
  i React components and regular functions must be exported in separate files.
  

```
