---
source: crates/biome_js_analyze/tests/spec_tests.rs
assertion_line: 83
expression: invalid_component_and_pascalcase_variable.jsx
---
# Input
```jsx
export function Component() {};
export const Aa = 'a'
```
