---
source: crates/biome_js_analyze/tests/spec_tests.rs
expression: valid_only_component_variable.jsx
---
# Input
```jsx
export const SampleComponentA = () => <></>
export const SampleComponentB = () => <></>
export function Hoge () {
  return <></>
} 
export class Fuga extends React.Component {
  render() {
    return <></>
  }
}

```
