---
source: crates/biome_js_analyze/tests/spec_tests.rs
expression: valid_component_and_template_literal_constant_with_igore_constant_export.jsx
---
# Input
```jsx
const foo = 'world'
export const CONSTANT = `Hello ${foo}`
export const Foo = () => {}

```
