---
source: crates/biome_js_analyze/tests/spec_tests.rs
expression: valid_only_default_class_component.jsx
---
# Input
```jsx
export default class Fuga extends React.Component {
  render() {
    return <></>
  }
};

```
