---
source: crates/biome_js_analyze/tests/spec_tests.rs
expression: valid_ts_type.tsx
---
# Input
```tsx
export const SampleComponent = () => <></>
export type SampleType = string
export type sampleType = string

```
