---
source: crates/biome_js_analyze/tests/spec_tests.rs
expression: valid_ts_type_only.tsx
---
# Input
```tsx
export type SampleType = string
export type sampleType = string
export const hoge = 100

```
