---
source: crates/biome_js_analyze/tests/spec_tests.rs
expression: valid_component_and_constant_js.js
---
# Input
```jsx
export const CONSTANT = 3
export const Foo = () => {}

```
